{
    "memo": "",
    "projects": [
        {
            "name": "github.com/sdboyer/deptest",
            "version": "v0.8.0",
            "revision": "ff2948a2ac8f538c4ecd55962e919d1e13e74baf",
            "packages": [
                "."
            ]
        },
        {
            "name": "github.com/sdboyer/deptestdos",
            "revision": "a0196baa11ea047dd65037287451d36b861b00ea",
            "packages": [
                "."
            ]
        }
    ]
}
