{
    "memo": "9a5243dd3fa20feeaa20398e7283d6c566532e2af1aae279a010df34793761c5",
    "projects": [
        {
            "name": "github.com/carolynvs/go-dep-test",
            "version": "0.1.1",
            "revision": "40691983e4002d3a3f5879cc0f1fe99bedda148c",
            "packages": [
                "."
            ]
        },
        {
            "name": "github.com/pkg/errors",
            "branch": "v0.7.0",
            "revision": "01fa4104b9c248c8945d14d9f128454d5b28d595",
            "packages": [
                "."
            ]
        }
    ]
}
