{
    "overrides": {
        "github.com/carolynvs/go-dep-test": {
            "version": "0.1.1"
        }
    }
}
